26
178329	C:\Users\Jesus horacio\OneDrive\temas 2024\06 Ráfaga, Maria Becerra   Mentirosa Remix (Official Video[1].mp3
229134	C:\Users\Jesus horacio\OneDrive\temas 2024\01 Emanero, Karina, J mena, Angela Torres   SINVERGÜENZA (Official Video[1].mp3
143963	C:\Users\Jesus horacio\OneDrive\temas 2024\05 Fer Vazquez, Flor Alvarez   Sin Querer (Video Oficial[1].mp3
205426	C:\Users\Jesus horacio\OneDrive\temas 2024\04 Emanero, La Konga, Antonio Rios   ADICTO (Official Video[1].mp3
178329	C:\Users\Jesus horacio\OneDrive\temas 2024\06 Ráfaga, Maria Becerra   Mentirosa Remix (Official Video[1].mp3
172106	C:\Users\Jesus horacio\OneDrive\temas 2024\08 Ulises Bueno, Rusherking, Big One   Mentiras   CROSSOVER[1].mp3
172431	C:\Users\Jesus horacio\OneDrive\temas 2024\11 Emilia, Callejero Fino, Big One   En La Intimidad   CROSSOVER.mp3
207539	C:\Users\Jesus horacio\OneDrive\temas 2024\10 Diego Torres   Mejor Que Ayer (Official Video.mp3
229134	C:\Users\Jesus horacio\OneDrive\temas 2024\01 Emanero, Karina, J mena, Angela Torres   SINVERGÜENZA (Official Video[1].mp3
218894	C:\Users\Jesus horacio\OneDrive\temas 2024\00 Chapa C   Llorarás Por Mí (Video Oficial)   wwwCHAPACco.mp3
205426	C:\Users\Jesus horacio\OneDrive\temas 2024\04 Emanero, La Konga, Antonio Rios   ADICTO (Official Video[1].mp3
143963	C:\Users\Jesus horacio\OneDrive\temas 2024\05 Fer Vazquez, Flor Alvarez   Sin Querer (Video Oficial[1].mp3
259575	C:\Users\Jesus horacio\OneDrive\temas 2024\07 La Delio Valdez y Ke Personajes   Adiós Amo.mp3
172106	C:\Users\Jesus horacio\OneDrive\temas 2024\08 Ulises Bueno, Rusherking, Big One   Mentiras   CROSSOVER[1].mp3
172106	C:\Users\Jesus horacio\OneDrive\temas 2024\08 Ulises Bueno, Rusherking, Big One   Mentiras   CROSSOVER[1].mp3
168855	C:\Users\Jesus horacio\OneDrive\temas 2024\09 Ke Personajes, FMK, Big One   Un Finde   CROSSOVER.mp3
2221165	C:\Users\Jesus horacio\Downloads\entrevista con rosario pereira.mp3
207539	C:\Users\Jesus horacio\OneDrive\temas 2024\10 Diego Torres   Mejor Que Ayer (Official Video.mp3
172431	C:\Users\Jesus horacio\OneDrive\temas 2024\11 Emilia, Callejero Fino, Big One   En La Intimidad   CROSSOVER.mp3
325381	C:\Users\Jesus horacio\OneDrive\temas 2024\14 LA DELIO VALDEZ   La Cancioncita .mp3
172431	C:\Users\Jesus horacio\OneDrive\temas 2024\11 Emilia, Callejero Fino, Big One   En La Intimidad   CROSSOVER.mp3
140457	C:\Users\Jesus horacio\OneDrive\temas 2024\13 Luck Ra, BM   LA MOROCH.mp3
2239076	C:\Users\Jesus horacio\OneDrive\temas 2024\19  DJ SET EN VIVO - TINCHO DI SALVO, JAVI ZURRO.BIGG FIT.mp3
3418163	C:\Users\Jesus horacio\OneDrive\temas 2024\21  Reggaeton Cumbia Cuarteto RKT Bondy Gamer Nico Vallorani DJ.mp3
2239076	C:\Users\Jesus horacio\OneDrive\temas 2024\19  DJ SET EN VIVO - TINCHO DI SALVO, JAVI ZURRO.BIGG FIT.mp3
3206768	C:\Users\Jesus horacio\OneDrive\temas 2024\25 ESPECIAL ALEJANDRO PONT LEZICA (PARTE 2.mp3